// Jest Snapshot v1, https://goo.gl/fbAQLP

exports[`<MenuBar/> matches snapshot 1`] = `
<View>
  <View
    style={
      Array [
        Object {
          "marginBottom": 24,
        },
        Object {
          "opacity": mockConstructor {},
          "transform": Array [
            Object {
              "translateX": mockConstructor {},
            },
          ],
        },
      ]
    }
  >
    <View
      accessible={true}
      focusable={true}
      onClick={[Function]}
      onResponderGrant={[Function]}
      onResponderMove={[Function]}
      onResponderRelease={[Function]}
      onResponderTerminate={[Function]}
      onResponderTerminationRequest={[Function]}
      onStartShouldSetResponder={[Function]}
      style={
        Object {
          "alignItems": "center",
          "backgroundColor": "#4DCC4B",
          "borderRadius": 5,
          "display": "flex",
          "height": 76,
          "justifyContent": "center",
          "opacity": 1,
          "shadowColor": "#000",
          "shadowOffset": Object {
            "height": 2,
            "width": 2,
          },
          "shadowOpacity": 0.1,
          "shadowRadius": 4,
          "width": 175,
        }
      }
    >
      <Text
        style={
          Object {
            "fontSize": 18,
          }
        }
      >
        EASY
      </Text>
    </View>
  </View>
  <View
    style={
      Array [
        Object {
          "marginBottom": 24,
        },
        Object {
          "opacity": mockConstructor {},
          "transform": Array [
            Object {
              "translateX": mockConstructor {},
            },
          ],
        },
      ]
    }
  >
    <View
      accessible={true}
      focusable={true}
      onClick={[Function]}
      onResponderGrant={[Function]}
      onResponderMove={[Function]}
      onResponderRelease={[Function]}
      onResponderTerminate={[Function]}
      onResponderTerminationRequest={[Function]}
      onStartShouldSetResponder={[Function]}
      style={
        Object {
          "alignItems": "center",
          "backgroundColor": "#FFBE40",
          "borderRadius": 5,
          "display": "flex",
          "height": 76,
          "justifyContent": "center",
          "opacity": 1,
          "shadowColor": "#000",
          "shadowOffset": Object {
            "height": 2,
            "width": 2,
          },
          "shadowOpacity": 0.1,
          "shadowRadius": 4,
          "width": 175,
        }
      }
    >
      <Text
        style={
          Object {
            "fontSize": 18,
          }
        }
      >
        MEDIUM
      </Text>
    </View>
  </View>
  <View
    style={
      Array [
        Object {
          "marginBottom": 24,
        },
        Object {
          "opacity": mockConstructor {},
          "transform": Array [
            Object {
              "translateX": mockConstructor {},
            },
          ],
        },
      ]
    }
  >
    <View
      accessible={true}
      focusable={true}
      onClick={[Function]}
      onResponderGrant={[Function]}
      onResponderMove={[Function]}
      onResponderRelease={[Function]}
      onResponderTerminate={[Function]}
      onResponderTerminationRequest={[Function]}
      onStartShouldSetResponder={[Function]}
      style={
        Object {
          "alignItems": "center",
          "backgroundColor": "#FF5740",
          "borderRadius": 5,
          "display": "flex",
          "height": 76,
          "justifyContent": "center",
          "opacity": 1,
          "shadowColor": "#000",
          "shadowOffset": Object {
            "height": 2,
            "width": 2,
          },
          "shadowOpacity": 0.1,
          "shadowRadius": 4,
          "width": 175,
        }
      }
    >
      <Text
        style={
          Object {
            "fontSize": 18,
          }
        }
      >
        HARD
      </Text>
    </View>
  </View>
</View>
`;
