// Jest Snapshot v1, https://goo.gl/fbAQLP

exports[`<CircleButton /> matches snapshot 1`] = `
<View
  accessible={true}
  focusable={true}
  onClick={[Function]}
  onResponderGrant={[Function]}
  onResponderMove={[Function]}
  onResponderRelease={[Function]}
  onResponderTerminate={[Function]}
  onResponderTerminationRequest={[Function]}
  onStartShouldSetResponder={[Function]}
  style={
    Object {
      "opacity": 1,
    }
  }
>
  <ViewManagerAdapter_ExpoLinearGradient
    proxiedProperties={
      Object {
        "colors": Array [
          4284860671,
          4282432255,
        ],
        "endPoint": undefined,
        "locations": Array [
          0.5,
          0.5,
        ],
        "startPoint": Array [
          -0.1,
          0.1,
        ],
      }
    }
    style={
      Object {
        "alignItems": "center",
        "borderRadius": 30,
        "display": "flex",
        "height": 60,
        "justifyContent": "center",
        "shadowColor": "#000",
        "shadowOffset": Object {
          "height": 2,
          "width": 2,
        },
        "shadowOpacity": 0.1,
        "shadowRadius": 4,
        "width": 60,
      }
    }
  >
    <Image
      source={1}
      style={
        Object {
          "height": 30,
          "width": 30,
        }
      }
    />
  </ViewManagerAdapter_ExpoLinearGradient>
</View>
`;
