// Jest Snapshot v1, https://goo.gl/fbAQLP

exports[`<Index/> matches snapshot 1`] = `
<View
  style={
    Object {
      "height": "100%",
    }
  }
>
  <View
    style={
      Object {
        "bottom": 80,
        "left": 60,
        "position": "absolute",
        "right": 60,
      }
    }
  >
    <View
      style={
        Object {
          "alignItems": "center",
          "backgroundColor": "#C8C8C8",
          "borderRadius": 5,
          "display": "flex",
          "flexDirection": "row",
          "height": 75,
          "justifyContent": "center",
          "shadowColor": "#000",
          "shadowOffset": Object {
            "height": 2,
            "width": 2,
          },
          "shadowOpacity": 0.1,
          "shadowRadius": 4,
        }
      }
    >
      <View
        accessible={true}
        focusable={true}
        onClick={[Function]}
        onResponderGrant={[Function]}
        onResponderMove={[Function]}
        onResponderRelease={[Function]}
        onResponderTerminate={[Function]}
        onResponderTerminationRequest={[Function]}
        onStartShouldSetResponder={[Function]}
        style={
          Object {
            "alignItems": "center",
            "backgroundColor": "#F3F3F3",
            "borderRadius": 5,
            "display": "flex",
            "height": 60,
            "justifyContent": "center",
            "marginLeft": 10,
            "marginRight": 10,
            "opacity": 1,
            "shadowColor": "#000",
            "shadowOffset": Object {
              "height": 2,
              "width": 2,
            },
            "shadowOpacity": 0.1,
            "shadowRadius": 4,
            "width": 75,
          }
        }
      >
        <Text
          style={Object {}}
        >
          Home
        </Text>
      </View>
      <View
        accessible={true}
        focusable={true}
        onClick={[Function]}
        onResponderGrant={[Function]}
        onResponderMove={[Function]}
        onResponderRelease={[Function]}
        onResponderTerminate={[Function]}
        onResponderTerminationRequest={[Function]}
        onStartShouldSetResponder={[Function]}
        style={
          Object {
            "alignItems": "center",
            "backgroundColor": "#F3F3F3",
            "borderRadius": 5,
            "display": "flex",
            "height": 60,
            "justifyContent": "center",
            "marginLeft": 10,
            "marginRight": 10,
            "opacity": 0.1,
            "shadowColor": "#000",
            "shadowOffset": Object {
              "height": 2,
              "width": 2,
            },
            "shadowOpacity": 0.1,
            "shadowRadius": 4,
            "width": 75,
          }
        }
      >
        <Text
          style={Object {}}
        >
          Play
        </Text>
      </View>
      <View
        accessible={true}
        focusable={true}
        onClick={[Function]}
        onResponderGrant={[Function]}
        onResponderMove={[Function]}
        onResponderRelease={[Function]}
        onResponderTerminate={[Function]}
        onResponderTerminationRequest={[Function]}
        onStartShouldSetResponder={[Function]}
        style={
          Object {
            "alignItems": "center",
            "backgroundColor": "#F3F3F3",
            "borderRadius": 5,
            "display": "flex",
            "height": 60,
            "justifyContent": "center",
            "marginLeft": 10,
            "marginRight": 10,
            "opacity": 0.1,
            "shadowColor": "#000",
            "shadowOffset": Object {
              "height": 2,
              "width": 2,
            },
            "shadowOpacity": 0.1,
            "shadowRadius": 4,
            "width": 75,
          }
        }
      >
        <Text
          style={Object {}}
        >
          Profile
        </Text>
      </View>
    </View>
  </View>
</View>
`;
