// Jest Snapshot v1, https://goo.gl/fbAQLP

exports[`<Profile/> matches snapshot 1`] = `
<View
  style={
    Object {
      "height": "100%",
      "paddingTop": 50,
    }
  }
>
  <View
    style={
      Object {
        "height": "100%",
        "paddingLeft": 25,
      }
    }
  >
    <Text>
      Profile
    </Text>
  </View>
  <View
    data-test-id="wrapper"
    style={
      Object {
        "alignItems": "center",
        "bottom": 80,
        "display": "flex",
        "justifyContent": "center",
        "position": "absolute",
        "width": "100%",
      }
    }
  >
    <View
      data-test-id="menu-bar"
      style={
        Object {
          "alignItems": "center",
          "backgroundColor": "#C8C8C8",
          "borderRadius": 5,
          "display": "flex",
          "flexDirection": "row",
          "height": 75,
          "justifyContent": "center",
          "shadowColor": "#000",
          "shadowOffset": Object {
            "height": 2,
            "width": 2,
          },
          "shadowOpacity": 0.1,
          "shadowRadius": 4,
          "width": 212,
          "zIndex": -1,
        }
      }
    >
      <View
        accessible={true}
        focusable={true}
        onClick={[Function]}
        onResponderGrant={[Function]}
        onResponderMove={[Function]}
        onResponderRelease={[Function]}
        onResponderTerminate={[Function]}
        onResponderTerminationRequest={[Function]}
        onStartShouldSetResponder={[Function]}
        style={
          Object {
            "alignItems": "center",
            "borderRadius": 5,
            "display": "flex",
            "height": 50,
            "justifyContent": "center",
            "marginLeft": 10,
            "marginRight": 10,
            "opacity": 0.1,
            "shadowColor": "#000",
            "shadowOffset": Object {
              "height": 2,
              "width": 2,
            },
            "shadowOpacity": 0.1,
            "shadowRadius": 4,
            "width": 50,
          }
        }
      >
        <Image
          source={
            Object {
              "testUri": "../../../images/home.png",
            }
          }
          style={
            Object {
              "height": 40,
              "width": 40,
            }
          }
        />
      </View>
      <View
        accessible={true}
        focusable={true}
        onClick={[Function]}
        onResponderGrant={[Function]}
        onResponderMove={[Function]}
        onResponderRelease={[Function]}
        onResponderTerminate={[Function]}
        onResponderTerminationRequest={[Function]}
        onStartShouldSetResponder={[Function]}
        style={
          Object {
            "alignItems": "center",
            "borderRadius": 5,
            "display": "flex",
            "height": 50,
            "justifyContent": "center",
            "marginLeft": 10,
            "marginRight": 10,
            "opacity": 0.1,
            "shadowColor": "#000",
            "shadowOffset": Object {
              "height": 2,
              "width": 2,
            },
            "shadowOpacity": 0.1,
            "shadowRadius": 4,
            "width": 50,
          }
        }
      >
        <Image
          source={
            Object {
              "testUri": "../../../images/gamepad.png",
            }
          }
          style={
            Object {
              "height": 40,
              "width": 40,
            }
          }
        />
      </View>
      <View
        accessible={true}
        focusable={true}
        onClick={[Function]}
        onResponderGrant={[Function]}
        onResponderMove={[Function]}
        onResponderRelease={[Function]}
        onResponderTerminate={[Function]}
        onResponderTerminationRequest={[Function]}
        onStartShouldSetResponder={[Function]}
        style={
          Object {
            "alignItems": "center",
            "borderRadius": 5,
            "display": "flex",
            "height": 50,
            "justifyContent": "center",
            "marginLeft": 10,
            "marginRight": 10,
            "opacity": 0.1,
            "shadowColor": "#000",
            "shadowOffset": Object {
              "height": 2,
              "width": 2,
            },
            "shadowOpacity": 0.1,
            "shadowRadius": 4,
            "width": 50,
          }
        }
      >
        <Image
          source={
            Object {
              "testUri": "../../../images/avatar.png",
            }
          }
          style={
            Object {
              "height": 40,
              "width": 40,
            }
          }
        />
      </View>
      <View
        style={
          Array [
            Object {
              "backgroundColor": "#F3F3F3",
              "borderRadius": 5,
              "height": 50,
              "position": "absolute",
              "shadowColor": "#000",
              "shadowOffset": Object {
                "height": 2,
                "width": 2,
              },
              "shadowOpacity": 0.1,
              "shadowRadius": 4,
              "width": 50,
              "zIndex": -1,
            },
            Object {
              "left": undefined,
            },
          ]
        }
      />
    </View>
  </View>
</View>
`;
