// Jest Snapshot v1, https://goo.gl/fbAQLP

exports[`<Game /> matches snapshot 1`] = `
<View
  style={
    Object {
      "alignItems": "center",
      "display": "flex",
      "height": "100%",
      "justifyContent": "center",
      "width": "100%",
    }
  }
>
  <View
    style={
      Object {
        "height": "100%",
        "left": 37.5,
        "position": "absolute",
        "top": 120,
        "width": "100%",
      }
    }
  >
    <View
      accessible={true}
      focusable={true}
      onClick={[Function]}
      onResponderGrant={[Function]}
      onResponderMove={[Function]}
      onResponderRelease={[Function]}
      onResponderTerminate={[Function]}
      onResponderTerminationRequest={[Function]}
      onStartShouldSetResponder={[Function]}
      style={
        Object {
          "opacity": 1,
        }
      }
    >
      <ViewManagerAdapter_ExpoLinearGradient
        proxiedProperties={
          Object {
            "colors": Array [
              4284860671,
              4282432255,
            ],
            "endPoint": undefined,
            "locations": Array [
              0.5,
              0.5,
            ],
            "startPoint": Array [
              -0.1,
              0.1,
            ],
          }
        }
        style={
          Object {
            "alignItems": "center",
            "borderRadius": 17,
            "display": "flex",
            "height": 60,
            "justifyContent": "center",
            "shadowColor": "#000",
            "shadowOffset": Object {
              "height": 2,
              "width": 2,
            },
            "shadowOpacity": 0.1,
            "shadowRadius": 4,
            "width": 60,
          }
        }
      >
        <Image
          source={1}
          style={
            Object {
              "height": 30,
              "width": 30,
            }
          }
        />
      </ViewManagerAdapter_ExpoLinearGradient>
    </View>
  </View>
  <View
    style={
      Array [
        Object {
          "position": "absolute",
          "top": 106.5,
        },
        Object {
          "opacity": mockConstructor {},
          "transform": Array [
            Object {
              "translateX": mockConstructor {},
            },
            Object {
              "scale": 1,
            },
          ],
        },
      ]
    }
  >
    <View
      style={
        Object {
          "alignItems": "center",
          "backgroundColor": "#F3F3F3",
          "borderRadius": 5,
          "display": "flex",
          "justifyContent": "center",
          "paddingBottom": 13.5,
          "paddingLeft": 37.5,
          "paddingRight": 37.5,
          "paddingTop": 13.5,
          "shadowColor": "#000",
          "shadowOffset": Object {
            "height": 2,
            "width": 2,
          },
          "shadowOpacity": 0.1,
          "shadowRadius": 4,
        }
      }
    >
      <Text
        style={
          Object {
            "fontFamily": "Raleway_400Regular",
            "fontSize": 40,
          }
        }
      >
        
      </Text>
      <View
        style={
          Array [
            Object {
              "alignItems": "center",
              "borderRadius": 4,
              "display": "flex",
              "height": 20,
              "justifyContent": "center",
              "marginTop": 5,
              "shadowColor": "#000",
              "shadowOffset": Object {
                "height": 2,
                "width": 2,
              },
              "shadowOpacity": 0.1,
              "shadowRadius": 4,
              "width": 50,
            },
            Object {
              "backgroundColor": "#4DCC4B",
            },
          ]
        }
      >
        <Text
          style={
            Object {
              "fontFamily": "Raleway_400Regular",
              "fontSize": 20,
            }
          }
        >
          EASY
        </Text>
      </View>
    </View>
  </View>
  <View
    style={
      Object {
        "alignItems": "center",
        "display": "flex",
        "justifyContent": "center",
        "marginBottom": 80,
      }
    }
  >
    <View
      style={
        Array [
          undefined,
          Object {
            "opacity": mockConstructor {},
            "transform": Array [
              Object {
                "translateX": mockConstructor {},
              },
              Object {
                "scale": 1,
              },
            ],
          },
        ]
      }
    >
      <View
        style={
          Array [
            Object {
              "display": "flex",
              "flexDirection": "row",
            },
            undefined,
          ]
        }
      >
        <View
          style={
            Array [
              Object {
                "alignItems": "center",
                "backgroundColor": "#F3F3F3",
                "borderRadius": 5,
                "display": "flex",
                "height": 75,
                "justifyContent": "center",
                "margin": 5,
                "shadowColor": "#000",
                "shadowOffset": Object {
                  "height": 2,
                  "width": 2,
                },
                "shadowOpacity": 0.1,
                "shadowRadius": 4,
                "width": 75,
              },
              Object {
                "backgroundColor": "#FF9C40",
              },
            ]
          }
        >
          <Text
            style={
              Object {
                "fontFamily": "Raleway_400Regular",
                "fontSize": 40,
              }
            }
          >
            F
          </Text>
        </View>
        <View
          style={
            Array [
              Object {
                "alignItems": "center",
                "backgroundColor": "#F3F3F3",
                "borderRadius": 5,
                "display": "flex",
                "height": 75,
                "justifyContent": "center",
                "margin": 5,
                "shadowColor": "#000",
                "shadowOffset": Object {
                  "height": 2,
                  "width": 2,
                },
                "shadowOpacity": 0.1,
                "shadowRadius": 4,
                "width": 75,
              },
              Object {
                "backgroundColor": "#FF9C40",
              },
            ]
          }
        >
          <Text
            style={
              Object {
                "fontFamily": "Raleway_400Regular",
                "fontSize": 40,
              }
            }
          >
            O
          </Text>
        </View>
        <View
          style={
            Array [
              Object {
                "alignItems": "center",
                "backgroundColor": "#F3F3F3",
                "borderRadius": 5,
                "display": "flex",
                "height": 75,
                "justifyContent": "center",
                "margin": 5,
                "shadowColor": "#000",
                "shadowOffset": Object {
                  "height": 2,
                  "width": 2,
                },
                "shadowOpacity": 0.1,
                "shadowRadius": 4,
                "width": 75,
              },
              Object {
                "backgroundColor": "#FF9C40",
              },
            ]
          }
        >
          <Text
            style={
              Object {
                "fontFamily": "Raleway_400Regular",
                "fontSize": 40,
              }
            }
          >
            R
          </Text>
        </View>
        <View
          style={
            Array [
              Object {
                "alignItems": "center",
                "backgroundColor": "#F3F3F3",
                "borderRadius": 5,
                "display": "flex",
                "height": 75,
                "justifyContent": "center",
                "margin": 5,
                "shadowColor": "#000",
                "shadowOffset": Object {
                  "height": 2,
                  "width": 2,
                },
                "shadowOpacity": 0.1,
                "shadowRadius": 4,
                "width": 75,
              },
              Object {
                "backgroundColor": "#FF9C40",
              },
            ]
          }
        >
          <Text
            style={
              Object {
                "fontFamily": "Raleway_400Regular",
                "fontSize": 40,
              }
            }
          >
            T
          </Text>
        </View>
        <View
          style={
            Array [
              Object {
                "alignItems": "center",
                "backgroundColor": "#F3F3F3",
                "borderRadius": 5,
                "display": "flex",
                "height": 75,
                "justifyContent": "center",
                "margin": 5,
                "shadowColor": "#000",
                "shadowOffset": Object {
                  "height": 2,
                  "width": 2,
                },
                "shadowOpacity": 0.1,
                "shadowRadius": 4,
                "width": 75,
              },
              Object {
                "backgroundColor": "#FF9C40",
              },
            ]
          }
        >
          <Text
            style={
              Object {
                "fontFamily": "Raleway_400Regular",
                "fontSize": 40,
              }
            }
          >
            Y
          </Text>
        </View>
      </View>
    </View>
    <View
      style={
        Array [
          undefined,
          Object {
            "opacity": mockConstructor {},
            "transform": Array [
              Object {
                "translateX": mockConstructor {},
              },
              Object {
                "scale": 1,
              },
            ],
          },
        ]
      }
    >
      <View
        style={
          Object {
            "marginTop": -50,
          }
        }
      >
        <View
          style={
            Array [
              Object {
                "display": "flex",
                "flexDirection": "row",
              },
              Object {
                "opacity": 0,
              },
            ]
          }
        >
          <View
            style={
              Array [
                Object {
                  "alignItems": "center",
                  "backgroundColor": "#F3F3F3",
                  "borderRadius": 5,
                  "display": "flex",
                  "height": 75,
                  "justifyContent": "center",
                  "margin": 5,
                  "shadowColor": "#000",
                  "shadowOffset": Object {
                    "height": 2,
                    "width": 2,
                  },
                  "shadowOpacity": 0.1,
                  "shadowRadius": 4,
                  "width": 75,
                },
                Object {
                  "backgroundColor": "#F3F3F3",
                },
              ]
            }
          >
            <Text
              style={
                Object {
                  "fontFamily": "Raleway_400Regular",
                  "fontSize": 40,
                }
              }
            >
              F
            </Text>
          </View>
          <View
            style={
              Array [
                Object {
                  "alignItems": "center",
                  "backgroundColor": "#F3F3F3",
                  "borderRadius": 5,
                  "display": "flex",
                  "height": 75,
                  "justifyContent": "center",
                  "margin": 5,
                  "shadowColor": "#000",
                  "shadowOffset": Object {
                    "height": 2,
                    "width": 2,
                  },
                  "shadowOpacity": 0.1,
                  "shadowRadius": 4,
                  "width": 75,
                },
                Object {
                  "backgroundColor": "#F3F3F3",
                },
              ]
            }
          >
            <Text
              style={
                Object {
                  "fontFamily": "Raleway_400Regular",
                  "fontSize": 40,
                }
              }
            >
              O
            </Text>
          </View>
          <View
            style={
              Array [
                Object {
                  "alignItems": "center",
                  "backgroundColor": "#F3F3F3",
                  "borderRadius": 5,
                  "display": "flex",
                  "height": 75,
                  "justifyContent": "center",
                  "margin": 5,
                  "shadowColor": "#000",
                  "shadowOffset": Object {
                    "height": 2,
                    "width": 2,
                  },
                  "shadowOpacity": 0.1,
                  "shadowRadius": 4,
                  "width": 75,
                },
                Object {
                  "backgroundColor": "#F3F3F3",
                },
              ]
            }
          >
            <Text
              style={
                Object {
                  "fontFamily": "Raleway_400Regular",
                  "fontSize": 40,
                }
              }
            >
              R
            </Text>
          </View>
          <View
            style={
              Array [
                Object {
                  "alignItems": "center",
                  "backgroundColor": "#F3F3F3",
                  "borderRadius": 5,
                  "display": "flex",
                  "height": 75,
                  "justifyContent": "center",
                  "margin": 5,
                  "shadowColor": "#000",
                  "shadowOffset": Object {
                    "height": 2,
                    "width": 2,
                  },
                  "shadowOpacity": 0.1,
                  "shadowRadius": 4,
                  "width": 75,
                },
                Object {
                  "backgroundColor": "#F3F3F3",
                },
              ]
            }
          >
            <Text
              style={
                Object {
                  "fontFamily": "Raleway_400Regular",
                  "fontSize": 40,
                }
              }
            >
              T
            </Text>
          </View>
          <View
            style={
              Array [
                Object {
                  "alignItems": "center",
                  "backgroundColor": "#F3F3F3",
                  "borderRadius": 5,
                  "display": "flex",
                  "height": 75,
                  "justifyContent": "center",
                  "margin": 5,
                  "shadowColor": "#000",
                  "shadowOffset": Object {
                    "height": 2,
                    "width": 2,
                  },
                  "shadowOpacity": 0.1,
                  "shadowRadius": 4,
                  "width": 75,
                },
                Object {
                  "backgroundColor": "#F3F3F3",
                },
              ]
            }
          >
            <Text
              style={
                Object {
                  "fontFamily": "Raleway_400Regular",
                  "fontSize": 40,
                }
              }
            >
              Y
            </Text>
          </View>
        </View>
      </View>
    </View>
    <View
      style={
        Array [
          undefined,
          Object {
            "opacity": mockConstructor {},
            "transform": Array [
              Object {
                "translateX": mockConstructor {},
              },
              Object {
                "scale": 1,
              },
            ],
          },
        ]
      }
    >
      <View
        style={
          Object {
            "display": "flex",
            "flexDirection": "row",
          }
        }
      >
        <View
          style={
            Object {
              "transform": Array [
                Object {
                  "scale": mockConstructor {},
                },
              ],
            }
          }
        >
          <View
            accessible={true}
            focusable={true}
            onClick={[Function]}
            onResponderGrant={[Function]}
            onResponderMove={[Function]}
            onResponderRelease={[Function]}
            onResponderTerminate={[Function]}
            onResponderTerminationRequest={[Function]}
            onStartShouldSetResponder={[Function]}
            style={
              Object {
                "alignItems": "center",
                "backgroundColor": "#F3F3F3",
                "borderRadius": 5,
                "display": "flex",
                "height": 75,
                "justifyContent": "center",
                "margin": 5,
                "opacity": 1,
                "shadowColor": "#000",
                "shadowOffset": Object {
                  "height": 2,
                  "width": 2,
                },
                "shadowOpacity": 0.1,
                "shadowRadius": 4,
                "width": 75,
              }
            }
          >
            <Text
              style={
                Object {
                  "fontFamily": "Raleway_400Regular",
                  "fontSize": 40,
                }
              }
            >
              F
            </Text>
          </View>
        </View>
        <View
          style={
            Object {
              "transform": Array [
                Object {
                  "scale": mockConstructor {},
                },
              ],
            }
          }
        >
          <View
            accessible={true}
            focusable={true}
            onClick={[Function]}
            onResponderGrant={[Function]}
            onResponderMove={[Function]}
            onResponderRelease={[Function]}
            onResponderTerminate={[Function]}
            onResponderTerminationRequest={[Function]}
            onStartShouldSetResponder={[Function]}
            style={
              Object {
                "alignItems": "center",
                "backgroundColor": "#F3F3F3",
                "borderRadius": 5,
                "display": "flex",
                "height": 75,
                "justifyContent": "center",
                "margin": 5,
                "opacity": 1,
                "shadowColor": "#000",
                "shadowOffset": Object {
                  "height": 2,
                  "width": 2,
                },
                "shadowOpacity": 0.1,
                "shadowRadius": 4,
                "width": 75,
              }
            }
          >
            <Text
              style={
                Object {
                  "fontFamily": "Raleway_400Regular",
                  "fontSize": 40,
                }
              }
            >
              O
            </Text>
          </View>
        </View>
        <View
          style={
            Object {
              "transform": Array [
                Object {
                  "scale": mockConstructor {},
                },
              ],
            }
          }
        >
          <View
            accessible={true}
            focusable={true}
            onClick={[Function]}
            onResponderGrant={[Function]}
            onResponderMove={[Function]}
            onResponderRelease={[Function]}
            onResponderTerminate={[Function]}
            onResponderTerminationRequest={[Function]}
            onStartShouldSetResponder={[Function]}
            style={
              Object {
                "alignItems": "center",
                "backgroundColor": "#F3F3F3",
                "borderRadius": 5,
                "display": "flex",
                "height": 75,
                "justifyContent": "center",
                "margin": 5,
                "opacity": 1,
                "shadowColor": "#000",
                "shadowOffset": Object {
                  "height": 2,
                  "width": 2,
                },
                "shadowOpacity": 0.1,
                "shadowRadius": 4,
                "width": 75,
              }
            }
          >
            <Text
              style={
                Object {
                  "fontFamily": "Raleway_400Regular",
                  "fontSize": 40,
                }
              }
            >
              R
            </Text>
          </View>
        </View>
        <View
          style={
            Object {
              "transform": Array [
                Object {
                  "scale": mockConstructor {},
                },
              ],
            }
          }
        >
          <View
            accessible={true}
            focusable={true}
            onClick={[Function]}
            onResponderGrant={[Function]}
            onResponderMove={[Function]}
            onResponderRelease={[Function]}
            onResponderTerminate={[Function]}
            onResponderTerminationRequest={[Function]}
            onStartShouldSetResponder={[Function]}
            style={
              Object {
                "alignItems": "center",
                "backgroundColor": "#F3F3F3",
                "borderRadius": 5,
                "display": "flex",
                "height": 75,
                "justifyContent": "center",
                "margin": 5,
                "opacity": 1,
                "shadowColor": "#000",
                "shadowOffset": Object {
                  "height": 2,
                  "width": 2,
                },
                "shadowOpacity": 0.1,
                "shadowRadius": 4,
                "width": 75,
              }
            }
          >
            <Text
              style={
                Object {
                  "fontFamily": "Raleway_400Regular",
                  "fontSize": 40,
                }
              }
            >
              T
            </Text>
          </View>
        </View>
        <View
          style={
            Object {
              "transform": Array [
                Object {
                  "scale": mockConstructor {},
                },
              ],
            }
          }
        >
          <View
            accessible={true}
            focusable={true}
            onClick={[Function]}
            onResponderGrant={[Function]}
            onResponderMove={[Function]}
            onResponderRelease={[Function]}
            onResponderTerminate={[Function]}
            onResponderTerminationRequest={[Function]}
            onStartShouldSetResponder={[Function]}
            style={
              Object {
                "alignItems": "center",
                "backgroundColor": "#F3F3F3",
                "borderRadius": 5,
                "display": "flex",
                "height": 75,
                "justifyContent": "center",
                "margin": 5,
                "opacity": 1,
                "shadowColor": "#000",
                "shadowOffset": Object {
                  "height": 2,
                  "width": 2,
                },
                "shadowOpacity": 0.1,
                "shadowRadius": 4,
                "width": 75,
              }
            }
          >
            <Text
              style={
                Object {
                  "fontFamily": "Raleway_400Regular",
                  "fontSize": 40,
                }
              }
            >
              Y
            </Text>
          </View>
        </View>
      </View>
    </View>
    <View
      style={
        Array [
          undefined,
          Object {
            "opacity": mockConstructor {},
            "transform": Array [
              Object {
                "translateX": mockConstructor {},
              },
              Object {
                "scale": 1,
              },
            ],
          },
        ]
      }
    >
      <View
        style={
          Array [
            Object {
              "display": "flex",
              "flexDirection": "row",
            },
            undefined,
          ]
        }
      >
        <View
          style={
            Array [
              Object {
                "alignItems": "center",
                "backgroundColor": "#F3F3F3",
                "borderRadius": 5,
                "display": "flex",
                "height": 75,
                "justifyContent": "center",
                "margin": 5,
                "shadowColor": "#000",
                "shadowOffset": Object {
                  "height": 2,
                  "width": 2,
                },
                "shadowOpacity": 0.1,
                "shadowRadius": 4,
                "width": 75,
              },
              Object {
                "backgroundColor": "#40BAFF",
              },
            ]
          }
        >
          <Text
            style={
              Object {
                "fontFamily": "Raleway_400Regular",
                "fontSize": 40,
              }
            }
          >
            F
          </Text>
        </View>
        <View
          style={
            Array [
              Object {
                "alignItems": "center",
                "backgroundColor": "#F3F3F3",
                "borderRadius": 5,
                "display": "flex",
                "height": 75,
                "justifyContent": "center",
                "margin": 5,
                "shadowColor": "#000",
                "shadowOffset": Object {
                  "height": 2,
                  "width": 2,
                },
                "shadowOpacity": 0.1,
                "shadowRadius": 4,
                "width": 75,
              },
              Object {
                "backgroundColor": "#40BAFF",
              },
            ]
          }
        >
          <Text
            style={
              Object {
                "fontFamily": "Raleway_400Regular",
                "fontSize": 40,
              }
            }
          >
            I
          </Text>
        </View>
        <View
          style={
            Array [
              Object {
                "alignItems": "center",
                "backgroundColor": "#F3F3F3",
                "borderRadius": 5,
                "display": "flex",
                "height": 75,
                "justifyContent": "center",
                "margin": 5,
                "shadowColor": "#000",
                "shadowOffset": Object {
                  "height": 2,
                  "width": 2,
                },
                "shadowOpacity": 0.1,
                "shadowRadius": 4,
                "width": 75,
              },
              Object {
                "backgroundColor": "#40BAFF",
              },
            ]
          }
        >
          <Text
            style={
              Object {
                "fontFamily": "Raleway_400Regular",
                "fontSize": 40,
              }
            }
          >
            F
          </Text>
        </View>
        <View
          style={
            Array [
              Object {
                "alignItems": "center",
                "backgroundColor": "#F3F3F3",
                "borderRadius": 5,
                "display": "flex",
                "height": 75,
                "justifyContent": "center",
                "margin": 5,
                "shadowColor": "#000",
                "shadowOffset": Object {
                  "height": 2,
                  "width": 2,
                },
                "shadowOpacity": 0.1,
                "shadowRadius": 4,
                "width": 75,
              },
              Object {
                "backgroundColor": "#40BAFF",
              },
            ]
          }
        >
          <Text
            style={
              Object {
                "fontFamily": "Raleway_400Regular",
                "fontSize": 40,
              }
            }
          >
            T
          </Text>
        </View>
        <View
          style={
            Array [
              Object {
                "alignItems": "center",
                "backgroundColor": "#F3F3F3",
                "borderRadius": 5,
                "display": "flex",
                "height": 75,
                "justifyContent": "center",
                "margin": 5,
                "shadowColor": "#000",
                "shadowOffset": Object {
                  "height": 2,
                  "width": 2,
                },
                "shadowOpacity": 0.1,
                "shadowRadius": 4,
                "width": 75,
              },
              Object {
                "backgroundColor": "#40BAFF",
              },
            ]
          }
        >
          <Text
            style={
              Object {
                "fontFamily": "Raleway_400Regular",
                "fontSize": 40,
              }
            }
          >
            Y
          </Text>
        </View>
      </View>
    </View>
  </View>
  <View
    style={
      Array [
        Object {
          "bottom": 200,
          "height": 150,
          "position": "absolute",
        },
        Object {
          "opacity": mockConstructor {},
          "transform": Array [
            Object {
              "translateX": mockConstructor {},
            },
            Object {
              "scale": 1,
            },
          ],
        },
      ]
    }
  >
    <View
      style={
        Object {
          "display": "flex",
          "flexDirection": "row",
          "flexWrap": "wrap",
          "justifyContent": "center",
          "paddingLeft": 20,
          "paddingRight": 20,
          "width": "100%",
        }
      }
    >
      <View
        style={
          Object {
            "transform": Array [
              Object {
                "scale": mockConstructor {},
              },
            ],
          }
        }
      >
        <View
          accessible={true}
          focusable={true}
          onClick={[Function]}
          onResponderGrant={[Function]}
          onResponderMove={[Function]}
          onResponderRelease={[Function]}
          onResponderTerminate={[Function]}
          onResponderTerminationRequest={[Function]}
          onStartShouldSetResponder={[Function]}
          style={
            Object {
              "alignItems": "center",
              "backgroundColor": "#F3F3F3",
              "borderRadius": 5,
              "display": "flex",
              "height": 75,
              "justifyContent": "center",
              "margin": 5,
              "opacity": 1,
              "shadowColor": "#000",
              "shadowOffset": Object {
                "height": 2,
                "width": 2,
              },
              "shadowOpacity": 0.1,
              "shadowRadius": 4,
              "width": 75,
            }
          }
        >
          <Text
            style={
              Object {
                "fontFamily": "Raleway_400Regular",
                "fontSize": 40,
              }
            }
          >
            C
          </Text>
        </View>
      </View>
      <View
        style={
          Object {
            "transform": Array [
              Object {
                "scale": mockConstructor {},
              },
            ],
          }
        }
      >
        <View
          accessible={true}
          focusable={true}
          onClick={[Function]}
          onResponderGrant={[Function]}
          onResponderMove={[Function]}
          onResponderRelease={[Function]}
          onResponderTerminate={[Function]}
          onResponderTerminationRequest={[Function]}
          onStartShouldSetResponder={[Function]}
          style={
            Object {
              "alignItems": "center",
              "backgroundColor": "#F3F3F3",
              "borderRadius": 5,
              "display": "flex",
              "height": 75,
              "justifyContent": "center",
              "margin": 5,
              "opacity": 1,
              "shadowColor": "#000",
              "shadowOffset": Object {
                "height": 2,
                "width": 2,
              },
              "shadowOpacity": 0.1,
              "shadowRadius": 4,
              "width": 75,
            }
          }
        >
          <Text
            style={
              Object {
                "fontFamily": "Raleway_400Regular",
                "fontSize": 40,
              }
            }
          >
            B
          </Text>
        </View>
      </View>
      <View
        style={
          Object {
            "transform": Array [
              Object {
                "scale": mockConstructor {},
              },
            ],
          }
        }
      >
        <View
          accessible={true}
          focusable={true}
          onClick={[Function]}
          onResponderGrant={[Function]}
          onResponderMove={[Function]}
          onResponderRelease={[Function]}
          onResponderTerminate={[Function]}
          onResponderTerminationRequest={[Function]}
          onStartShouldSetResponder={[Function]}
          style={
            Object {
              "alignItems": "center",
              "backgroundColor": "#F3F3F3",
              "borderRadius": 5,
              "display": "flex",
              "height": 75,
              "justifyContent": "center",
              "margin": 5,
              "opacity": 1,
              "shadowColor": "#000",
              "shadowOffset": Object {
                "height": 2,
                "width": 2,
              },
              "shadowOpacity": 0.1,
              "shadowRadius": 4,
              "width": 75,
            }
          }
        >
          <Text
            style={
              Object {
                "fontFamily": "Raleway_400Regular",
                "fontSize": 40,
              }
            }
          >
            C
          </Text>
        </View>
      </View>
    </View>
  </View>
  <View
    style={
      Object {
        "bottom": 0,
        "display": "flex",
        "flexDirection": "row",
        "position": "absolute",
      }
    }
  >
    <View
      style={
        Object {
          "bottom": 26.5,
          "margin": 10,
        }
      }
    >
      <View
        style={
          Object {
            "transform": Array [
              Object {
                "scale": mockConstructor {},
              },
            ],
          }
        }
      >
        <View
          accessible={true}
          focusable={true}
          onClick={[Function]}
          onResponderGrant={[Function]}
          onResponderMove={[Function]}
          onResponderRelease={[Function]}
          onResponderTerminate={[Function]}
          onResponderTerminationRequest={[Function]}
          onStartShouldSetResponder={[Function]}
          style={
            Object {
              "opacity": 1,
            }
          }
        >
          <ViewManagerAdapter_ExpoLinearGradient
            proxiedProperties={
              Object {
                "colors": Array [
                  4294956160,
                  4294950464,
                ],
                "endPoint": undefined,
                "locations": Array [
                  0.5,
                  0.5,
                ],
                "startPoint": Array [
                  -0.1,
                  0.1,
                ],
              }
            }
            style={
              Object {
                "alignItems": "center",
                "borderRadius": 5,
                "display": "flex",
                "height": 106.5,
                "justifyContent": "center",
                "shadowColor": "#000",
                "shadowOffset": Object {
                  "height": 2,
                  "width": 2,
                },
                "shadowOpacity": 0.1,
                "shadowRadius": 4,
                "width": 300,
              }
            }
          >
            <Text
              style={
                Object {
                  "color": "white",
                  "fontFamily": "Raleway_700Bold",
                  "fontSize": 33.5,
                }
              }
            >
              RESET
            </Text>
          </ViewManagerAdapter_ExpoLinearGradient>
        </View>
      </View>
    </View>
    <View
      style={
        Object {
          "bottom": 26.5,
          "margin": 10,
        }
      }
    >
      <View
        style={
          Object {
            "transform": Array [
              Object {
                "scale": mockConstructor {},
              },
            ],
          }
        }
      >
        <View
          accessible={true}
          focusable={true}
          onClick={[Function]}
          onResponderGrant={[Function]}
          onResponderMove={[Function]}
          onResponderRelease={[Function]}
          onResponderTerminate={[Function]}
          onResponderTerminationRequest={[Function]}
          onStartShouldSetResponder={[Function]}
          style={
            Object {
              "opacity": 1,
            }
          }
        >
          <ViewManagerAdapter_ExpoLinearGradient
            proxiedProperties={
              Object {
                "colors": Array [
                  4294956160,
                  4294950464,
                ],
                "endPoint": undefined,
                "locations": Array [
                  0.5,
                  0.5,
                ],
                "startPoint": Array [
                  -0.1,
                  0.1,
                ],
              }
            }
            style={
              Object {
                "alignItems": "center",
                "borderRadius": 5,
                "display": "flex",
                "height": 106.5,
                "justifyContent": "center",
                "shadowColor": "#000",
                "shadowOffset": Object {
                  "height": 2,
                  "width": 2,
                },
                "shadowOpacity": 0.1,
                "shadowRadius": 4,
                "width": 300,
              }
            }
          >
            <Text
              style={
                Object {
                  "color": "white",
                  "fontFamily": "Raleway_700Bold",
                  "fontSize": 33.5,
                }
              }
            >
              UNDO
            </Text>
          </ViewManagerAdapter_ExpoLinearGradient>
        </View>
      </View>
    </View>
  </View>
</View>
`;
